
> dollorgrows@0.1.0 build
> next build

Γû▓ Next.js 16.2.4 (Turbopack)
- Environments: .env

node.exe : ΓÜá The "middleware" file convention is 
deprecated. Please use "proxy" instead. Learn more: 
https://nextjs.org/docs/messages/middleware-to-proxy
At line:1 char:1
+ & "C:\nvm4w\nodejs/node.exe" 
"C:\nvm4w\nodejs/node_modules/npm/bin/np ...
+ ~~~~~~~~~~~~~~~~~~~~~~~~~~~~~~~~~~~~~~~~~~~~~~~~~~~~~~
~~~~~~~~~~~~~~~
    + CategoryInfo          : NotSpecified: (ΓÜá The "m 
   iddle...leware-to-proxy:String) [], RemoteException
    + FullyQualifiedErrorId : NativeCommandError
 
  Creating an optimized production build ...

> Build error occurred
Error: Turbopack build failed with 8 errors:
./app/admin/page.tsx:45:1061
Expression expected
  [90m43 |[0m ...px-[35m2[0m py-[35m1[0m rounded[
32m">{w.walletAddress?w.walletAddress.slice(0,10)+"[0m.
..[32m":"[0m[32m"}</code></td><t...[0m
  [90m44 |[0m ...
[31m[1m>[0m [90m45 |[0m ...t-gray-[35m500[0m[32m
">{u.referralCode}</p></div></td><td 
className="[0mpx-[35m4[0m lg:px-[35m6[0m 
py-[35m3[0m text-gray-[35m3..[0m.
  [90m   |[0m                                         
      [31m[1m^[0m
  [90m46 |[0m ...
  [90m47 |[0m ...
  [90m48 |[0m ...

Parsing ecmascript source code failed


./app/admin/page.tsx:39:1245
Unexpected token. Did you mean `{'}'}` or `&rbrace;`?
  [90m37 |[0m ...
  [90m38 |[0m ...
[31m[1m>[0m [90m39 |[0m 
...ive[32m"}/></td></tr>))}</tbody></table></div>)}[0m
  [90m   |[0m                                         
      [31m[1m^[0m
  [90m40 |[0m ...
  [90m41 |[0m ...y-[35m3[0m text-gray-[35m500[0m 
text-xs[32m">{new 
Date(d.createdAt).toLocaleDateString()}</td><td 
classNa...[0m
  [90m42 |[0m ...

Parsing ecmascript source code failed


./app/admin/page.tsx:41:1743
Unexpected token. Did you mean `{'}'}` or `&rbrace;`?
  [90m39 |[0m ...
  [90m40 |[0m ...
[31m[1m>[0m [90m41 |[0m 
...[32m/div>)}</td></tr>))}</tbody></table></div>)}[0m
  [90m   |[0m                                         
      [31m[1m^[0m
  [90m42 |[0m ...
  [90m43 |[0m ...
  [90m44 |[0m ...

Parsing ecmascript source code failed


./app/admin/page.tsx:43:1673
Unexpected token. Did you mean `{'}'}` or `&rbrace;`?
  [90m41 |[0m ...ed-[35m400[0m 
hover:bg-red-[35m500[0m/[35m10[0m rounded[32m"><X 
className="[0mw-[35m4[0m 
h-[35m4[0m[32m"/></button></div>)}</td></tr>...[0m
  [90m42 |[0m ...
[31m[1m>[0m [90m43 |[0m 
...[32m/div>)}</td></tr>))}</tbody></table></div>)}[0m
  [90m   |[0m                                         
      [31m[1m^[0m
  [90m44 |[0m ...
  [90m45 |[0m ...min[32m"&&(<button 
onClick={()=>block(u.id,u.status)} className={`px-3 
py-1 rounded text-xs...[0m
  [90m46 |[0m ...

Parsing ecmascript source code failed


./app/dashboard/page.tsx:455:1
Unexpected token. Did you mean `{'}'}` or `&rbrace;`?
  [90m453 |[0m         </div>
  [90m454 |[0m   );
[31m[1m>[0m [90m455 |[0m }
  [90m    |[0m [31m[1m^[0m
  [90m456 |[0m
  [90m457 |[0m

Parsing ecmascript source code failed


./app/dashboard/referrals/page.tsx:245:2
Unterminated regexp literal
  [90m243 |[0m         </[33mGlassCard[0m>
  [90m244 |[0m       </div>
[31m[1m>[0m [90m245 |[0m </div>
  [90m    |[0m  [31m[1m^^^^^[0m
  [90m246 |[0m   );
  [90m247 |[0m }
  [90m248 |[0m

Parsing ecmascript source code failed


./app/auth/register/page.tsx:8:1
Export Chrome doesn't exist in target module
  [90m 6 |[0m [36mimport[0m { useForm } 
[36mfrom[0m [32m"react-hook-form"[0m;
  [90m 7 |[0m [36mimport[0m { zodResolver } 
[36mfrom[0m [32m"@hookform/resolvers/zod"[0m;
[31m[1m>[0m [90m 8 |[0m [36mimport[0m {
  [90m   |[0m [31m[1m^^^^^^^[0m
[31m[1m>[0m [90m 9 |[0m   [33mLoader2[0m,
  [90m   |[0m [31m[1m^^^^^^^^^^[0m
[31m[1m>[0m [90m10 |[0m   [33mTrendingUp[0m,
  [90m   |[0m [31m[1m^^^^^^^^^^^^^[0m
[31m[1m>[0m [90m11 |[0m   [33mMail[0m,
  [90m   |[0m [31m[1m^^^^^^^[0m
[31m[1m>[0m [90m12 |[0m   [33mLock[0m,
  [90m   |[0m [31m[1m^^^^^^^[0m
[31m[1m>[0m [90m13 |[0m   [33mEye[0m,
  [90m   |[0m [31m[1m^^^^^^[0m
[31m[1m>[0m [90m14 |[0m   [33mEyeOff[0m,
  [90m   |[0m [31m[1m^^^^^^^^^[0m
[31m[1m>[0m [90m15 |[0m   [33mChrome[0m,
  [90m   |[0m [31m[1m^^^^^^^^^[0m
[31m[1m>[0m [90m16 |[0m   [33mUser[0m,
  [90m   |[0m [31m[1m^^^^^^^[0m
[31m[1m>[0m [90m17 |[0m   [33mGift[0m,
  [90m   |[0m [31m[1m^^^^^^^[0m
[31m[1m>[0m [90m18 |[0m   [33mMapPin[0m,
  [90m   |[0m [31m[1m^^^^^^^^^[0m
[31m[1m>[0m [90m19 |[0m } [36mfrom[0m 
[32m"lucide-react"[0m;
  [90m   |[0m [31m[1m^^^^^^^^^^^^^^^^^^^^^^[0m
  [90m20 |[0m [36mimport[0m { [33mGlassCard[0m } 
[36mfrom[0m [32m"@/components/ui/GlassCard"[0m;
  [90m21 |[0m [36mimport[0m { [33mNeonButton[0m } 
[36mfrom[0m [32m"@/components/ui/NeonButton"[0m;
  [90m22 |[0m [36mimport[0m { [33mPhoneInput[0m } 
[36mfrom[0m [32m"@/components/ui/PhoneInput"[0m;

The export Chrome was not found in module [project]/node
_modules/lucide-react/dist/esm/lucide-react.mjs 
[app-client] (ecmascript).
Did you mean to import ChartColumnDecreasing?
All exports of the module are statically known (It 
doesn't have dynamic exports). So it's known statically 
that the requested export doesn't exist.

Import traces:
  Client Component Browser:
    ./app/auth/register/page.tsx [Client Component 
Browser]
    ./app/auth/register/page.tsx [Server Component]

  Client Component SSR:
    ./app/auth/register/page.tsx [Client Component SSR]
    ./app/auth/register/page.tsx [Server Component]


./app/auth/register/page.tsx:8:1
Export Chrome doesn't exist in target module
  [90m 6 |[0m [36mimport[0m { useForm } 
[36mfrom[0m [32m"react-hook-form"[0m;
  [90m 7 |[0m [36mimport[0m { zodResolver } 
[36mfrom[0m [32m"@hookform/resolvers/zod"[0m;
[31m[1m>[0m [90m 8 |[0m [36mimport[0m {
  [90m   |[0m [31m[1m^^^^^^^[0m
[31m[1m>[0m [90m 9 |[0m   [33mLoader2[0m,
  [90m   |[0m [31m[1m^^^^^^^^^^[0m
[31m[1m>[0m [90m10 |[0m   [33mTrendingUp[0m,
  [90m   |[0m [31m[1m^^^^^^^^^^^^^[0m
[31m[1m>[0m [90m11 |[0m   [33mMail[0m,
  [90m   |[0m [31m[1m^^^^^^^[0m
[31m[1m>[0m [90m12 |[0m   [33mLock[0m,
  [90m   |[0m [31m[1m^^^^^^^[0m
[31m[1m>[0m [90m13 |[0m   [33mEye[0m,
  [90m   |[0m [31m[1m^^^^^^[0m
[31m[1m>[0m [90m14 |[0m   [33mEyeOff[0m,
  [90m   |[0m [31m[1m^^^^^^^^^[0m
[31m[1m>[0m [90m15 |[0m   [33mChrome[0m,
  [90m   |[0m [31m[1m^^^^^^^^^[0m
[31m[1m>[0m [90m16 |[0m   [33mUser[0m,
  [90m   |[0m [31m[1m^^^^^^^[0m
[31m[1m>[0m [90m17 |[0m   [33mGift[0m,
  [90m   |[0m [31m[1m^^^^^^^[0m
[31m[1m>[0m [90m18 |[0m   [33mMapPin[0m,
  [90m   |[0m [31m[1m^^^^^^^^^[0m
[31m[1m>[0m [90m19 |[0m } [36mfrom[0m 
[32m"lucide-react"[0m;
  [90m   |[0m [31m[1m^^^^^^^^^^^^^^^^^^^^^^[0m
  [90m20 |[0m [36mimport[0m { [33mGlassCard[0m } 
[36mfrom[0m [32m"@/components/ui/GlassCard"[0m;
  [90m21 |[0m [36mimport[0m { [33mNeonButton[0m } 
[36mfrom[0m [32m"@/components/ui/NeonButton"[0m;
  [90m22 |[0m [36mimport[0m { [33mPhoneInput[0m } 
[36mfrom[0m [32m"@/components/ui/PhoneInput"[0m;

The export Chrome was not found in module [project]/node
_modules/lucide-react/dist/esm/lucide-react.mjs 
[app-ssr] (ecmascript).
Did you mean to import ChartColumnDecreasing?
All exports of the module are statically known (It 
doesn't have dynamic exports). So it's known statically 
that the requested export doesn't exist.

Import traces:
  Client Component Browser:
    ./app/auth/register/page.tsx [Client Component 
Browser]
    ./app/auth/register/page.tsx [Server Component]

  Client Component SSR:
    ./app/auth/register/page.tsx [Client Component SSR]
    ./app/auth/register/page.tsx [Server Component]


    at <unknown> (./app/admin/page.tsx:45:1061)
    at <unknown> (./app/admin/page.tsx:39:1245)
    at <unknown> (./app/admin/page.tsx:41:1743)
    at <unknown> (./app/admin/page.tsx:43:1673)
    at <unknown> (./app/dashboard/page.tsx:455:1)
    at <unknown> 
(./app/dashboard/referrals/page.tsx:245:2)
    at <unknown> (./app/auth/register/page.tsx:8:1)
    at <unknown> (./app/auth/register/page.tsx:8:1)
